20:15:03 **** Incremental Build of configuration Debug for project ARM_ASM ****
make -j12 all 
arm-none-eabi-gcc -mcpu=cortex-m4 -g3 -DDEBUG -c -x assembler-with-cpp -MMD -MP -MF"Src/main.d" -MT"Src/main.o" --specs=nano.specs -mfpu=fpv4-sp-d16 -mfloat-abi=hard -mthumb -o "Src/main.o" "../Src/main.s"
arm-none-eabi-gcc -o "ARM_ASM.elf" @"objects.list"   -mcpu=cortex-m4 -T"C:\Users\xboxw\STM32CubeIDE\workspace_git\ARM_ASM\STM32F407VETX_FLASH.ld" --specs=nosys.specs -Wl,-Map="ARM_ASM.map" -Wl,--gc-sections -static --specs=nano.specs -mfpu=fpv4-sp-d16 -mfloat-abi=hard -mthumb -Wl,--start-group -lc -lm -Wl,--end-group
Finished building target: ARM_ASM.elf
 
arm-none-eabi-size  ARM_ASM.elf 
arm-none-eabi-objdump -h -S ARM_ASM.elf  > "ARM_ASM.list"
   text	   data	    bss	    dec	    hex	filename
    716	      8	   1568	   2292	    8f4	ARM_ASM.elf
Finished building: default.size.stdout
 
Finished building: ARM_ASM.list
 

20:15:03 Build Finished. 0 errors, 0 warnings. (took 638ms)

